../USB_DEVICE/App/usbd_cdc_if.c:160:15:CDC_Init_FS	8	static
../USB_DEVICE/App/usbd_cdc_if.c:184:15:CDC_DeInit_FS	4	static
../USB_DEVICE/App/usbd_cdc_if.c:198:15:CDC_Control_FS	16	static
../USB_DEVICE/App/usbd_cdc_if.c:279:15:CDC_Receive_FS	16	static
../USB_DEVICE/App/usbd_cdc_if.c:313:9:CDC_Transmit_FS	24	static
../USB_DEVICE/App/usbd_cdc_if.c:339:15:CDC_TransmitCplt_FS	32	static
../USB_DEVICE/App/usbd_cdc_if.c:351:6:vcp_service	16	static
../USB_DEVICE/App/usbd_cdc_if.c:380:6:vcp_init	4	static
../USB_DEVICE/App/usbd_cdc_if.c:386:5:vcp_send	24	static
../USB_DEVICE/App/usbd_cdc_if.c:421:5:vcp_recv	24	static
