../Drivers/STM32F7xx_HAL_Driver/Src/stm32f7xx_hal_can.c:274:19:HAL_CAN_Init	24	static
../Drivers/STM32F7xx_HAL_Driver/Src/stm32f7xx_hal_can.c:460:19:HAL_CAN_DeInit	16	static
../Drivers/STM32F7xx_HAL_Driver/Src/stm32f7xx_hal_can.c:507:13:HAL_CAN_MspInit	16	static
../Drivers/STM32F7xx_HAL_Driver/Src/stm32f7xx_hal_can.c:523:13:HAL_CAN_MspDeInit	16	static
../Drivers/STM32F7xx_HAL_Driver/Src/stm32f7xx_hal_can.c:840:19:HAL_CAN_ConfigFilter	32	static
../Drivers/STM32F7xx_HAL_Driver/Src/stm32f7xx_hal_can.c:1034:19:HAL_CAN_Start	24	static
../Drivers/STM32F7xx_HAL_Driver/Src/stm32f7xx_hal_can.c:1086:19:HAL_CAN_Stop	24	static
../Drivers/STM32F7xx_HAL_Driver/Src/stm32f7xx_hal_can.c:1141:19:HAL_CAN_RequestSleep	24	static
../Drivers/STM32F7xx_HAL_Driver/Src/stm32f7xx_hal_can.c:1172:19:HAL_CAN_WakeUp	32	static
../Drivers/STM32F7xx_HAL_Driver/Src/stm32f7xx_hal_can.c:1221:10:HAL_CAN_IsSleepActive	24	static
../Drivers/STM32F7xx_HAL_Driver/Src/stm32f7xx_hal_can.c:1252:19:HAL_CAN_AddTxMessage	40	static
../Drivers/STM32F7xx_HAL_Driver/Src/stm32f7xx_hal_can.c:1353:19:HAL_CAN_AbortTxRequest	24	static
../Drivers/STM32F7xx_HAL_Driver/Src/stm32f7xx_hal_can.c:1402:10:HAL_CAN_GetTxMailboxesFreeLevel	24	static
../Drivers/STM32F7xx_HAL_Driver/Src/stm32f7xx_hal_can.c:1445:10:HAL_CAN_IsTxMessagePending	24	static
../Drivers/STM32F7xx_HAL_Driver/Src/stm32f7xx_hal_can.c:1477:10:HAL_CAN_GetTxTimestamp	40	static,ignoring_inline_asm
../Drivers/STM32F7xx_HAL_Driver/Src/stm32f7xx_hal_can.c:1511:19:HAL_CAN_GetRxMessage	32	static
../Drivers/STM32F7xx_HAL_Driver/Src/stm32f7xx_hal_can.c:1603:10:HAL_CAN_GetRxFifoFillLevel	24	static
../Drivers/STM32F7xx_HAL_Driver/Src/stm32f7xx_hal_can.c:1656:19:HAL_CAN_ActivateNotification	24	static
../Drivers/STM32F7xx_HAL_Driver/Src/stm32f7xx_hal_can.c:1689:19:HAL_CAN_DeactivateNotification	24	static
../Drivers/STM32F7xx_HAL_Driver/Src/stm32f7xx_hal_can.c:1720:6:HAL_CAN_IRQHandler	48	static
../Drivers/STM32F7xx_HAL_Driver/Src/stm32f7xx_hal_can.c:2131:13:HAL_CAN_TxMailbox0CompleteCallback	16	static
../Drivers/STM32F7xx_HAL_Driver/Src/stm32f7xx_hal_can.c:2148:13:HAL_CAN_TxMailbox1CompleteCallback	16	static
../Drivers/STM32F7xx_HAL_Driver/Src/stm32f7xx_hal_can.c:2165:13:HAL_CAN_TxMailbox2CompleteCallback	16	static
../Drivers/STM32F7xx_HAL_Driver/Src/stm32f7xx_hal_can.c:2182:13:HAL_CAN_TxMailbox0AbortCallback	16	static
../Drivers/STM32F7xx_HAL_Driver/Src/stm32f7xx_hal_can.c:2199:13:HAL_CAN_TxMailbox1AbortCallback	16	static
../Drivers/STM32F7xx_HAL_Driver/Src/stm32f7xx_hal_can.c:2216:13:HAL_CAN_TxMailbox2AbortCallback	16	static
../Drivers/STM32F7xx_HAL_Driver/Src/stm32f7xx_hal_can.c:2233:13:HAL_CAN_RxFifo0MsgPendingCallback	16	static
../Drivers/STM32F7xx_HAL_Driver/Src/stm32f7xx_hal_can.c:2250:13:HAL_CAN_RxFifo0FullCallback	16	static
../Drivers/STM32F7xx_HAL_Driver/Src/stm32f7xx_hal_can.c:2267:13:HAL_CAN_RxFifo1MsgPendingCallback	16	static
../Drivers/STM32F7xx_HAL_Driver/Src/stm32f7xx_hal_can.c:2284:13:HAL_CAN_RxFifo1FullCallback	16	static
../Drivers/STM32F7xx_HAL_Driver/Src/stm32f7xx_hal_can.c:2301:13:HAL_CAN_SleepCallback	16	static
../Drivers/STM32F7xx_HAL_Driver/Src/stm32f7xx_hal_can.c:2317:13:HAL_CAN_WakeUpFromRxMsgCallback	16	static
../Drivers/STM32F7xx_HAL_Driver/Src/stm32f7xx_hal_can.c:2334:13:HAL_CAN_ErrorCallback	16	static
../Drivers/STM32F7xx_HAL_Driver/Src/stm32f7xx_hal_can.c:2371:22:HAL_CAN_GetState	24	static
../Drivers/STM32F7xx_HAL_Driver/Src/stm32f7xx_hal_can.c:2406:10:HAL_CAN_GetError	16	static
../Drivers/STM32F7xx_HAL_Driver/Src/stm32f7xx_hal_can.c:2418:19:HAL_CAN_ResetError	24	static
